[cdsjarni.vercel.app/index.html]
[backblue.gif]
[fade.gif]
[index.html]
[telegram.org/js/telegram-web-app.js]
[cdsjarni.vercel.app/batch95dc.html]
[cdsjarni.vercel.app/res150a]
[cdsjarni.vercel.app/batchdac1.html]
[cdsjarni.vercel.app/res6262]
[cdsjarni.vercel.app/batch6fb5.html]
[cdsjarni.vercel.app/rese92b]
[cdsjarni.vercel.app/index.html]
[cdsjarni.vercel.app/batch8bcf.html]
[cdsjarni.vercel.app/subject4d23.html]
[cdsjarni.vercel.app/res4dea]
[cdsjarni.vercel.app/subjectc7f4.html]
[cdsjarni.vercel.app/res57da]
[cdsjarni.vercel.app/subjecta2ea.html]
[cdsjarni.vercel.app/res8497]
[cdsjarni.vercel.app/subject4893.html]
[cdsjarni.vercel.app/res20f3]
[cdsjarni.vercel.app/subject0985.html]
[cdsjarni.vercel.app/resd527]
[cdsjarni.vercel.app/subject4133.html]
[cdsjarni.vercel.app/res6cc3]
[cdsjarni.vercel.app/subject5c8d.html]
[cdsjarni.vercel.app/resd3f1]
[cdsjarni.vercel.app/subject4238.html]
[cdsjarni.vercel.app/resb3da]
[cdsjarni.vercel.app/subject7147.html]
[cdsjarni.vercel.app/res2530]
[cdsjarni.vercel.app/subjectb4cd.html]
[cdsjarni.vercel.app/res0a70]
[cdsjarni.vercel.app/subject37bf.html]
[cdsjarni.vercel.app/res1ca7]
[cdsjarni.vercel.app/subjectfb68.html]
[cdsjarni.vercel.app/res5721]
[cdsjarni.vercel.app/subjecte8f5.html]
[cdsjarni.vercel.app/resfa77]
[cdsjarni.vercel.app/subject4b61.html]
[cdsjarni.vercel.app/res1867]
[cdsjarni.vercel.app/subject9b05.html]
[cdsjarni.vercel.app/res1974]
[cdsjarni.vercel.app/subjecte106.html]
[cdsjarni.vercel.app/batch95dc.html]
[cdsjarni.vercel.app/res6c51]
[cdsjarni.vercel.app/subject71b0.html]
[cdsjarni.vercel.app/subject9537.html]
[cdsjarni.vercel.app/subjecta7a0.html]
[cdsjarni.vercel.app/subject7e46.html]
[cdsjarni.vercel.app/subjectb510.html]
[cdsjarni.vercel.app/subject7567.html]
[cdsjarni.vercel.app/subjectcd7b.html]
[cdsjarni.vercel.app/subjecte935.html]
[cdsjarni.vercel.app/subject651a.html]
[cdsjarni.vercel.app/subject367a.html]
[cdsjarni.vercel.app/subjecta9d2.html]
[cdsjarni.vercel.app/subject0d7d.html]
[cdsjarni.vercel.app/resdf8c]
[cdsjarni.vercel.app/subjectc17f.html]
[cdsjarni.vercel.app/subjectd9e6.html]
[cdsjarni.vercel.app/batchdac1.html]
[cdsjarni.vercel.app/subject374c.html]
[cdsjarni.vercel.app/subject46f5.html]
[cdsjarni.vercel.app/res9c15]
[cdsjarni.vercel.app/subjecta262.html]
[cdsjarni.vercel.app/res43a2]
[cdsjarni.vercel.app/subjecta6dd.html]
[cdsjarni.vercel.app/subject3f91.html]
[cdsjarni.vercel.app/subject686a.html]
[cdsjarni.vercel.app/res56fb]
[cdsjarni.vercel.app/subject3b75.html]
[cdsjarni.vercel.app/res437f]
[cdsjarni.vercel.app/subject0f0e.html]
[cdsjarni.vercel.app/batch6fb5.html]
[cdsjarni.vercel.app/res5c94]
[cdsjarni.vercel.app/batch8bcf.html]
[cdsjarni.vercel.app/subject97d4.html]
[cdn-icons-png.flaticon.com/512/4406/4406138.png]
[cdsjarni.vercel.app/subject4d23.html]
[cdsjarni.vercel.app/subjectc7f4.html]
[cdsjarni.vercel.app/subjecta2ea.html]
[cdsjarni.vercel.app/subject4893.html]
[cdsjarni.vercel.app/subject0985.html]
[cdsjarni.vercel.app/subject4133.html]
[cdsjarni.vercel.app/subject5c8d.html]
[cdsjarni.vercel.app/subject4238.html]
[cdsjarni.vercel.app/subject7147.html]
[cdsjarni.vercel.app/subjectb4cd.html]
[cdsjarni.vercel.app/subject37bf.html]
[cdsjarni.vercel.app/subjectfb68.html]
[cdsjarni.vercel.app/subjecte8f5.html]
[cdsjarni.vercel.app/subject4b61.html]
[cdsjarni.vercel.app/subject9b05.html]
[cdsjarni.vercel.app/subjecte106.html]
[cdsjarni.vercel.app/subject71b0.html]
[cdsjarni.vercel.app/subject9537.html]
[cdsjarni.vercel.app/subjecta7a0.html]
[cdsjarni.vercel.app/subject7e46.html]
[cdsjarni.vercel.app/subjectb510.html]
[cdsjarni.vercel.app/subject7567.html]
[cdsjarni.vercel.app/subjectcd7b.html]
[cdsjarni.vercel.app/subjecte935.html]
[cdsjarni.vercel.app/subject651a.html]
[cdsjarni.vercel.app/subject367a.html]
[cdsjarni.vercel.app/subjecta9d2.html]
[cdsjarni.vercel.app/subject0d7d.html]
[cdsjarni.vercel.app/subjectc17f.html]
[cdsjarni.vercel.app/subjectd9e6.html]
[cdsjarni.vercel.app/subject374c.html]
[cdsjarni.vercel.app/subject46f5.html]
[cdsjarni.vercel.app/subjecta262.html]
[cdsjarni.vercel.app/subjecta6dd.html]
[cdsjarni.vercel.app/subject3f91.html]
[cdsjarni.vercel.app/subject686a.html]
[cdsjarni.vercel.app/subject3b75.html]
[cdsjarni.vercel.app/subject0f0e.html]
[cdsjarni.vercel.app/subject97d4.html]
